
> my-portfolio@0.1.0 build
> react-scripts build

Creating an optimized production build...
npm.cmd : Browserslist: browsers data (caniuse-lite) is 10 months old. Please 
run:
At line:1 char:1
+ npm.cmd run build *> build_output.txt; Write-Output "EXIT:$LASTEXITCO ...
+ ~~~~~~~~~~~~~~~~~~~~~~~~~~~~~~~~~~~~~
    + CategoryInfo          : NotSpecified: (Browserslist: b...ld. Please run: 
   :String) [], RemoteException
    + FullyQualifiedErrorId : NativeCommandError
 
  npx update-browserslist-db@latest
  Why you should do it regularly: 
https://github.com/browserslist/update-db#readme
Browserslist: browsers data (caniuse-lite) is 10 months old. Please run:
  npx update-browserslist-db@latest
  Why you should do it regularly: 
https://github.com/browserslist/update-db#readme
Compiled with warnings.

[eslint] 
src\components\Navbar.js
  Line 3:10:  'FaGithub' is defined but never used    no-unused-vars
  Line 3:20:  'FaLinkedin' is defined but never used  no-unused-vars
  Line 3:32:  'FaEnvelope' is defined but never used  no-unused-vars

Search for the keywords to learn more about each warning.
To ignore, add // eslint-disable-next-line to the line before.

File sizes after gzip:

  199.39 kB  build\static\js\main.8799d77e.js
  37.01 kB   build\static\css\main.162036b4.css
  1.77 kB    build\static\js\453.438d9e50.chunk.js

The project was built assuming it is hosted at /Portfolio/.
You can control this with the homepage field in your package.json.

The build folder is ready to be deployed.

Find out more about deployment here:

  https://cra.link/deployment

